TRAINING: Using full dataset from: /ceph/home/student.aau.dk/cg44he/DCUnet_v2_wns/dataset
Resuming from checkpoint: ./complex_checkpoints/latest_checkpoint.pth

[Epoch 79/100] Current Learning Rate: 1.00e-04
Train batches: 636 | Val batches: 71
Epoch [79/100] wSDR Train: -9.4744 | Val: -9.3595
New best model saved with val_loss: -9.3595

[Epoch 80/100] Current Learning Rate: 1.00e-04
Train batches: 636 | Val batches: 71
Epoch [80/100] wSDR Train: -9.5784 | Val: -9.2922

[Epoch 81/100] Current Learning Rate: 1.00e-04
Train batches: 636 | Val batches: 71
Epoch [81/100] wSDR Train: -9.5891 | Val: -9.3489

[Epoch 82/100] Current Learning Rate: 1.00e-04
Train batches: 636 | Val batches: 71
Epoch [82/100] wSDR Train: -9.6020 | Val: -9.4354
New best model saved with val_loss: -9.4354

[Epoch 83/100] Current Learning Rate: 1.00e-04
Train batches: 636 | Val batches: 71
Epoch [83/100] wSDR Train: -9.6016 | Val: -8.3681

[Epoch 84/100] Current Learning Rate: 1.00e-04
Train batches: 636 | Val batches: 71
Epoch [84/100] wSDR Train: -9.5394 | Val: -9.4126

[Epoch 85/100] Current Learning Rate: 1.00e-04
Train batches: 636 | Val batches: 71
Epoch [85/100] wSDR Train: -9.6005 | Val: -9.3014

[Epoch 86/100] Current Learning Rate: 1.00e-04
Train batches: 636 | Val batches: 71
Epoch [86/100] wSDR Train: -9.5847 | Val: -9.4421
New best model saved with val_loss: -9.4421

[Epoch 87/100] Current Learning Rate: 1.00e-04
Train batches: 636 | Val batches: 71
Epoch [87/100] wSDR Train: -9.6238 | Val: -9.4069

[Epoch 88/100] Current Learning Rate: 1.00e-04
Train batches: 636 | Val batches: 71
Epoch [88/100] wSDR Train: -9.6230 | Val: -9.4462
New best model saved with val_loss: -9.4462

[Epoch 89/100] Current Learning Rate: 1.00e-04
Train batches: 636 | Val batches: 71
Epoch [89/100] wSDR Train: -9.5696 | Val: -9.4109

[Epoch 90/100] Current Learning Rate: 1.00e-04
Train batches: 636 | Val batches: 71
Epoch [90/100] wSDR Train: -9.6147 | Val: -9.4468
New best model saved with val_loss: -9.4468

[Epoch 91/100] Current Learning Rate: 1.00e-04
Train batches: 636 | Val batches: 71
Epoch [91/100] wSDR Train: -9.6338 | Val: -9.4418

[Epoch 92/100] Current Learning Rate: 1.00e-04
Train batches: 636 | Val batches: 71
Epoch [92/100] wSDR Train: -9.6353 | Val: -9.4448

[Epoch 93/100] Current Learning Rate: 1.00e-04
Train batches: 636 | Val batches: 71
Epoch [93/100] wSDR Train: -9.6383 | Val: -9.3637

[Epoch 94/100] Current Learning Rate: 1.00e-04
Train batches: 636 | Val batches: 71
Epoch [94/100] wSDR Train: -9.5715 | Val: -9.4370

[Epoch 95/100] Current Learning Rate: 1.00e-04
Train batches: 636 | Val batches: 71
Epoch [95/100] wSDR Train: -9.6370 | Val: -9.4278

[Epoch 96/100] Current Learning Rate: 1.00e-04
Train batches: 636 | Val batches: 71
Epoch [96/100] wSDR Train: -9.6356 | Val: -9.3376

[Epoch 97/100] Current Learning Rate: 1.00e-04
Train batches: 636 | Val batches: 71
Epoch [97/100] wSDR Train: -9.6467 | Val: -9.4225

[Epoch 98/100] Current Learning Rate: 1.00e-04
Train batches: 636 | Val batches: 71
Epoch [98/100] wSDR Train: -9.6532 | Val: -9.4116

[Epoch 99/100] Current Learning Rate: 1.00e-04
Train batches: 636 | Val batches: 71
Epoch [99/100] wSDR Train: -9.5846 | Val: -9.3639

[Epoch 100/100] Current Learning Rate: 1.00e-04
Train batches: 636 | Val batches: 71
Epoch [100/100] wSDR Train: -9.6366 | Val: -9.4294
